C51 COMPILER V9.54   DELAY                                                                 07/25/2022 14:42:42 PAGE 1   


C51 COMPILER V9.54, COMPILATION OF MODULE DELAY
OBJECT MODULE PLACED IN .\Objects\Delay.obj
COMPILER INVOKED BY: D:\Keil_v5\C51\BIN\C51.EXE Delay.c OPTIMIZE(8,SPEED) BROWSE DEBUG OBJECTEXTEND PRINT(.\Listings\Del
                    -ay.lst) OBJECT(.\Objects\Delay.obj)

line level    source

   1          /**
   2            * @brief  延时函数，可延时xms
   3            * @param  xms 延时毫秒数
   4            * @retval 无
   5            */
   6          void Delay(unsigned int xms) // @11.0952MHz
   7          {
   8   1          unsigned char i, j;
   9   1      
  10   1          while (xms--)
  11   1          {
  12   2              i = 2;
  13   2              j = 199; // 239为12MHz
  14   2              do
  15   2              {
  16   3                  while (--j);
  17   3              } while (--i);
  18   2          }
  19   1      }


MODULE INFORMATION:   STATIC OVERLAYABLE
   CODE SIZE        =     21    ----
   CONSTANT SIZE    =   ----    ----
   XDATA SIZE       =   ----    ----
   PDATA SIZE       =   ----    ----
   DATA SIZE        =   ----    ----
   IDATA SIZE       =   ----    ----
   BIT SIZE         =   ----    ----
END OF MODULE INFORMATION.


C51 COMPILATION COMPLETE.  0 WARNING(S),  0 ERROR(S)
